[2026-09-17T14:00:36Z] === ENRICH ITERATION 1 START | repo=eslint/rewrite sha=d2dbf7b7 ===
[2026-09-17T14:00:36Z] [iter=1] PHASE START: enrich repo=eslint/rewrite sha=d2dbf7b7 runlog=/home/runner/work/forx/forx/storage/aggregate/lsp/logs/d2dbf7b7-enrich-iter-001.log output=/home/runner/work/forx/forx/storage/aggregate/lsp/d2dbf7b73d01505da89a69b7465e486d8a88aa8f.nq.gz
[2026-09-17T14:00:57Z] [iter=1] Step 1: Loading AST into disk-backed store mem_mb=82 MB
[2026-09-17T14:01:01Z] [iter=1] AST store loaded triples=585538 load_secs=4 mem_mb=838 MB
[2026-09-17T14:01:01Z] [iter=1] Step 2: Finding LSP targets mem_mb=838 MB
[2026-09-17T14:01:02Z] [iter=1] LSP targets found call_sites=5104 imports=0 extends=22 implements=0 secs=1
[2026-09-17T14:01:02Z] [iter=1] Step 2.7: Building position index (one-shot, shared across resolvers) mem_mb=838 MB
[2026-09-17T14:01:05Z] [iter=1] Position index built positions=40896 nodes_with_types=46912 secs=3 mem_mb=838 MB
[2026-09-17T14:01:05Z] [iter=1] Step 3: Starting LSP resolution mem_mb=838 MB already_completed_types=[] already_completed_files=0
[2026-09-17T14:01:05Z] [iter=1] Resolving target type target_type=call_site count=5104
[2026-09-17T14:01:08Z] [iter=1] HEARTBEAT target_type=call_site elapsed_min=0.5 files_done=0 resolved=0 errors=0 current=packages/config-array/tests/config-array.test.js
[2026-09-17T14:01:38Z] [iter=1] HEARTBEAT target_type=call_site elapsed_min=1.0 files_done=3 resolved=114 errors=118 current=packages/migrate-config/tests/fixtures/plugins-dedupe/expected.cjs
[2026-09-17T14:02:19Z] [iter=1] HEARTBEAT target_type=call_site elapsed_min=1.7 files_done=12 resolved=288 errors=285 current=packages/compat/tests/fixtures/rules/consistent-this.js
[2026-09-17T14:02:49Z] [iter=1] HEARTBEAT target_type=call_site elapsed_min=2.2 files_done=20 resolved=334 errors=412 current=packages/config-helpers/src/define-config.js
[2026-09-17T14:03:20Z] [iter=1] HEARTBEAT target_type=call_site elapsed_min=2.7 files_done=49 resolved=446 errors=536 current=packages/migrate-config/tests/fixtures/basic-eslintrc/expected.cjs
[2026-09-17T14:03:50Z] [iter=1] Target type resolved target_type=call_site resolved=480 errors=644 secs=165 mem_mb=838 MB
[2026-09-17T14:03:50Z] [iter=1] Resolving target type target_type=extends_clause count=22
[2026-09-17T14:03:51Z] [iter=1] HEARTBEAT target_type=extends_clause elapsed_min=3.2 files_done=1 resolved=3 errors=0 current=packages/plugin-kit/tests/types/types.test.ts
[2026-09-17T14:03:54Z] [iter=1] Target type resolved target_type=extends_clause resolved=22 errors=0 secs=4 mem_mb=838 MB
[2026-09-17T14:04:00Z] [iter=1] Step 5: Writing final enrichment file triples=47750
[2026-09-17T14:04:01Z] [iter=1] Enrichment file written path=/home/runner/work/forx/forx/storage/aggregate/lsp/d2dbf7b73d01505da89a69b7465e486d8a88aa8f.nq.gz size_kb=921
[2026-09-17T14:04:01Z] [iter=1] PHASE END: enrich elapsed_s=205 elapsed_min=3.4 total_triples=47750
